[30;47mRunning OpenSimRoot build on Apr 25 2018, licensed GPLv3
Trying to load model from file: [32;47m[800C[1DOK[30;47m[30;47m
Running modules: [30;47mRunning modules: [s0.0/10.0 days. Mem 6.0 mB. #obj.=56 x64b/obj.=15140.6[u[s1.0/10.0 days. Mem 6.0 mB. #obj.=63 x64b/obj.=13458.3[u[s2.0/10.0 days. Mem 6.0 mB. #obj.=70 x64b/obj.=12112.5[u[s3.0/10.0 days. Mem 6.0 mB. #obj.=77 x64b/obj.=11011.3[u[s4.0/10.0 days. Mem 6.0 mB. #obj.=84 x64b/obj.=10093.7[u[s5.0/10.0 days. Mem 6.0 mB. #obj.=91 x64b/obj.=9317.3[u[s6.0/10.0 days. Mem 6.0 mB. #obj.=91 x64b/obj.=9317.3[u[s7.0/10.0 days. Mem 6.0 mB. #obj.=91 x64b/obj.=9317.3[u[s8.0/10.0 days. Mem 6.0 mB. #obj.=119 x64b/obj.=7125.0[u[s9.0/10.0 days. Mem 6.0 mB. #obj.=154 x64b/obj.=5505.7[u[s10.0/10.0 days. Mem 6.0 mB. #obj.=182 x64b/obj.=4658.6[u[32;47m[800C[1DOK[30;47m
Finalizing output:[32;47m[800C[1DOK[30;47m[34;47m
There are no warnings.[30;47m
Simulation took (hours:minutes:seconds): 0:0:0[0m
[30;47mRunning OpenSimRoot build on Apr 25 2018, licensed GPLv3
Trying to load model from file: [32;47m[800C[1DOK[30;47m[30;47m
Running modules: [30;47mRunning modules: [s0.0/14.0 days. Mem 8.0 mB. #obj.=3602 x64b/obj.=301.9[u[s1.0/14.0 days. Mem 8.0 mB. #obj.=3602 x64b/obj.=301.9[u[s2.0/14.0 days. Mem 8.0 mB. #obj.=3823 x64b/obj.=299.3[u[s3.0/14.0 days. Mem 9.0 mB. #obj.=6740 x64b/obj.=184.8[u[s4.0/14.0 days. Mem 10.0 mB. #obj.=7640 x64b/obj.=171.9[u[s5.0/14.0 days. Mem 10.0 mB. #obj.=8510 x64b/obj.=166.6[u[s6.0/14.0 days. Mem 11.0 mB. #obj.=9780 x64b/obj.=151.9[u[s7.0/14.0 days. Mem 12.0 mB. #obj.=11020 x64b/obj.=143.7[u[s8.0/14.0 days. Mem 12.0 mB. #obj.=11692 x64b/obj.=140.1[u[s9.0/14.0 days. Mem 13.0 mB. #obj.=12494 x64b/obj.=136.7[u[s10.0/14.0 days. Mem 14.0 mB. #obj.=13514 x64b/obj.=139.5[u[s11.0/14.0 days. Mem 15.0 mB. #obj.=16156 x64b/obj.=127.3[u[s12.0/14.0 days. Mem 17.0 mB. #obj.=19344 x64b/obj.=116.3[u[s13.0/14.0 days. Mem 18.0 mB. #obj.=22238 x64b/obj.=110.1[u[s14.0/14.0 days. Mem 23.0 mB. #obj.=24848 x64b/obj.=124.4[u[32;47m[800C[1DOK[30;47m
Finalizing output:[32;47m[800C[1DOK[30;47m[34;47m
There are no warnings.[30;47m
Simulation took (hours:minutes:seconds): 0:0:2[0m
[30;47mRunning OpenSimRoot build on Apr 25 2018, licensed GPLv3
Trying to load model from file: [32;47m[800C[1DOK[30;47m[30;47m
Running modules: [30;47mRunning modules: [s0.0/30.0 days. Mem 5.0 mB. #obj.=43 x64b/obj.=16348.3[u[s0.1/30.0 days. Mem 5.0 mB. #obj.=43 x64b/obj.=16348.3[u[s0.2/30.0 days. Mem 5.0 mB. #obj.=43 x64b/obj.=16348.3[u[s0.3/30.0 days. Mem 5.0 mB. #obj.=43 x64b/obj.=16348.3[u[s0.4/30.0 days. Mem 5.0 mB. #obj.=43 x64b/obj.=16348.3[u[s0.5/30.0 days. Mem 5.0 mB. #obj.=43 x64b/obj.=16348.3[u[s0.6/30.0 days. Mem 5.0 mB. #obj.=43 x64b/obj.=16348.3[u[s0.7/30.0 days. Mem 5.0 mB. #obj.=43 x64b/obj.=16348.3[u[s0.8/30.0 days. Mem 5.0 mB. #obj.=43 x64b/obj.=16348.3[u[s0.9/30.0 days. Mem 5.0 mB. #obj.=43 x64b/obj.=16348.3[u[s1.0/30.0 days. Mem 5.0 mB. #obj.=43 x64b/obj.=16348.3[u[s1.1/30.0 days. Mem 5.0 mB. #obj.=43 x64b/obj.=16348.3[u[s1.2/30.0 days. Mem 5.0 mB. #obj.=43 x64b/obj.=16348.3[u[s1.3/30.0 days. Mem 5.0 mB. #obj.=43 x64b/obj.=16348.3[u[s1.4/30.0 days. Mem 5.0 mB. #obj.=43 x64b/obj.=16348.3[u[s1.5/30.0 days. Mem 5.0 mB. #obj.=43 x64b/obj.=16348.3[u[s1.6/30.0 days. Mem 5.0 mB. #obj.=43 x64b/obj.=16348.3[u[s1.7/30.0 days. Mem 5.0 mB. #obj.=43 x64b/obj.=16348.3[u[s1.8/30.0 days. Mem 5.0 mB. #obj.=43 x64b/obj.=16348.3[u[s1.9/30.0 days. Mem 5.0 mB. #obj.=43 x64b/obj.=16348.3[u[s2.0/30.0 days. Mem 5.0 mB. #obj.=43 x64b/obj.=16348.3[u[s2.1/30.0 days. Mem 5.0 mB. #obj.=43 x64b/obj.=16348.3[u[s2.2/30.0 days. Mem 5.0 mB. #obj.=43 x64b/obj.=16348.3[u[s2.3/30.0 days. Mem 5.0 mB. #obj.=43 x64b/obj.=16348.3[u[s2.4/30.0 days. Mem 5.0 mB. #obj.=43 x64b/obj.=16348.3[u[s2.5/30.0 days. Mem 5.0 mB. #obj.=43 x64b/obj.=16348.3[u[s2.6/30.0 days. Mem 5.0 mB. #obj.=43 x64b/obj.=16348.3[u[s2.7/30.0 days. Mem 5.0 mB. #obj.=43 x64b/obj.=16348.3[u[s2.8/30.0 days. Mem 5.0 mB. #obj.=43 x64b/obj.=16348.3[u[s2.9/30.0 days. Mem 5.0 mB. #obj.=43 x64b/obj.=16348.3[u[s3.0/30.0 days. Mem 5.0 mB. #obj.=43 x64b/obj.=16348.3[u[s3.1/30.0 days. Mem 5.0 mB. #obj.=43 x64b/obj.=16348.3[u[s3.2/30.0 days. Mem 5.0 mB. #obj.=43 x64b/obj.=16348.3[u[s3.3/30.0 days. Mem 5.0 mB. #obj.=43 x64b/obj.=16348.3[u[s3.4/30.0 days. Mem 5.0 mB. #obj.=43 x64b/obj.=16348.3[u[s3.5/30.0 days. Mem 5.0 mB. #obj.=43 x64b/obj.=16348.3[u[s3.6/30.0 days. Mem 5.0 mB. #obj.=43 x64b/obj.=16348.3[u[s3.7/30.0 days. Mem 5.0 mB. #obj.=43 x64b/obj.=16348.3[u[s3.8/30.0 days. Mem 5.0 mB. #obj.=43 x64b/obj.=16348.3[u[s3.9/30.0 days. Mem 5.0 mB. #obj.=43 x64b/obj.=16348.3[u[s4.0/30.0 days. Mem 5.0 mB. #obj.=43 x64b/obj.=16348.3[u[s4.1/30.0 days. Mem 5.0 mB. #obj.=43 x64b/obj.=16348.3[u[s4.2/30.0 days. Mem 5.0 mB. #obj.=43 x64b/obj.=16348.3[u[s4.3/30.0 days. Mem 5.0 mB. #obj.=43 x64b/obj.=16348.3[u[s4.4/30.0 days. Mem 5.0 mB. #obj.=43 x64b/obj.=16348.3[u[s4.5/30.0 days. Mem 5.0 mB. #obj.=43 x64b/obj.=16348.3[u[s4.6/30.0 days. Mem 5.0 mB. #obj.=43 x64b/obj.=16348.3[u[s4.7/30.0 days. Mem 5.0 mB. #obj.=43 x64b/obj.=16348.3[u[s4.8/30.0 days. Mem 5.0 mB. #obj.=43 x64b/obj.=16348.3[u[s4.9/30.0 days. Mem 5.0 mB. #obj.=43 x64b/obj.=16348.3[u[s5.0/30.0 days. Mem 5.0 mB. #obj.=43 x64b/obj.=16348.3[u[s5.1/30.0 days. Mem 5.0 mB. #obj.=43 x64b/obj.=16348.3[u[s5.2/30.0 days. Mem 5.0 mB. #obj.=43 x64b/obj.=16348.3[u[s5.3/30.0 days. Mem 5.0 mB. #obj.=43 x64b/obj.=16348.3[u[s5.4/30.0 days. Mem 5.0 mB. #obj.=43 x64b/obj.=16348.3[u[s5.5/30.0 days. Mem 5.0 mB. #obj.=43 x64b/obj.=16348.3[u[s5.6/30.0 days. Mem 5.0 mB. #obj.=43 x64b/obj.=16348.3[u[s5.7/30.0 days. Mem 5.0 mB. #obj.=43 x64b/obj.=16348.3[u[s5.8/30.0 days. Mem 6.0 mB. #obj.=43 x64b/obj.=21170.6[u[s5.9/30.0 days. Mem 6.0 mB. #obj.=43 x64b/obj.=21170.6[u[s6.0/30.0 days. Mem 6.0 mB. #obj.=43 x64b/obj.=21170.6[u[s6.1/30.0 days. Mem 6.0 mB. #obj.=43 x64b/obj.=21170.6[u[s6.2/30.0 days. Mem 6.0 mB. #obj.=43 x64b/obj.=21170.6[u[s6.3/30.0 days. Mem 6.0 mB. #obj.=43 x64b/obj.=21170.6[u[s6.4/30.0 days. Mem 6.0 mB. #obj.=43 x64b/obj.=21170.6[u[s6.5/30.0 days. Mem 6.0 mB. #obj.=43 x64b/obj.=21170.6[u[s6.6/30.0 days. Mem 6.0 mB. #obj.=43 x64b/obj.=21170.6[u[s6.7/30.0 days. Mem 6.0 mB. #obj.=43 x64b/obj.=21170.6[u[s6.8/30.0 days. Mem 6.0 mB. #obj.=43 x64b/obj.=21170.6[u[s6.9/30.0 days. Mem 6.0 mB. #obj.=43 x64b/obj.=21170.6[u[s7.0/30.0 days. Mem 6.0 mB. #obj.=43 x64b/obj.=21170.6[u[s7.1/30.0 days. Mem 6.0 mB. #obj.=43 x64b/obj.=21170.6[u[s7.2/30.0 days. Mem 6.0 mB. #obj.=43 x64b/obj.=21170.6[u[s7.3/30.0 days. Mem 6.0 mB. #obj.=43 x64b/obj.=21170.6[u[s7.4/30.0 days. Mem 6.0 mB. #obj.=43 x64b/obj.=21170.6[u[s7.5/30.0 days. Mem 6.0 mB. #obj.=43 x64b/obj.=21170.6[u[s7.6/30.0 days. Mem 6.0 mB. #obj.=43 x64b/obj.=21170.6[u[s7.7/30.0 days. Mem 6.0 mB. #obj.=43 x64b/obj.=21170.6[u[s7.8/30.0 days. Mem 6.0 mB. #obj.=43 x64b/obj.=21170.6[u[s7.9/30.0 days. Mem 6.0 mB. #obj.=43 x64b/obj.=21170.6[u[s8.0/30.0 days. Mem 6.0 mB. #obj.=43 x64b/obj.=21170.6[u[s8.1/30.0 days. Mem 6.0 mB. #obj.=43 x64b/obj.=21170.6[u[s8.2/30.0 days. Mem 6.0 mB. #obj.=43 x64b/obj.=21170.6[u[s8.3/30.0 days. Mem 6.0 mB. #obj.=43 x64b/obj.=21170.6[u[s8.4/30.0 days. Mem 6.0 mB. #obj.=43 x64b/obj.=21170.6[u[s8.5/30.0 days. Mem 6.0 mB. #obj.=43 x64b/obj.=21170.6[u[s8.6/30.0 days. Mem 6.0 mB. #obj.=43 x64b/obj.=21170.6[u[s8.7/30.0 days. Mem 6.0 mB. #obj.=43 x64b/obj.=21170.6[u[s8.8/30.0 days. Mem 6.0 mB. #obj.=43 x64b/obj.=21170.6[u[s8.9/30.0 days. Mem 6.0 mB. #obj.=43 x64b/obj.=21170.6[u[s9.0/30.0 days. Mem 6.0 mB. #obj.=43 x64b/obj.=21170.6[u[s9.1/30.0 days. Mem 6.0 mB. #obj.=43 x64b/obj.=21170.6[u[s9.2/30.0 days. Mem 6.0 mB. #obj.=43 x64b/obj.=21170.6[u[s9.3/30.0 days. Mem 6.0 mB. #obj.=43 x64b/obj.=21170.6[u[s9.4/30.0 days. Mem 6.0 mB. #obj.=43 x64b/obj.=21170.6[u[s9.5/30.0 days. Mem 6.0 mB. #obj.=43 x64b/obj.=21170.6[u[s9.6/30.0 days. Mem 6.0 mB. #obj.=43 x64b/obj.=21170.6[u[s9.7/30.0 days. Mem 6.0 mB. #obj.=43 x64b/obj.=21170.6[u[s9.8/30.0 days. Mem 6.0 mB. #obj.=43 x64b/obj.=21170.6[u[s9.9/30.0 days. Mem 6.0 mB. #obj.=43 x64b/obj.=21170.6[u[s10.0/30.0 days. Mem 6.0 mB. #obj.=43 x64b/obj.=21170.6[u[s10.1/30.0 days. Mem 6.0 mB. #obj.=43 x64b/obj.=21170.6[u[s10.2/30.0 days. Mem 6.0 mB. #obj.=43 x64b/obj.=21170.6[u[s10.3/30.0 days. Mem 6.0 mB. #obj.=43 x64b/obj.=21170.6[u[s10.4/30.0 days. Mem 6.0 mB. #obj.=43 x64b/obj.=21170.6[u[s10.5/30.0 days. Mem 6.0 mB. #obj.=43 x64b/obj.=21170.6[u[s10.6/30.0 days. Mem 6.0 mB. #obj.=43 x64b/obj.=21170.6[u[s10.7/30.0 days. Mem 6.0 mB. #obj.=43 x64b/obj.=21170.6[u[s10.8/30.0 days. Mem 6.0 mB. #obj.=43 x64b/obj.=21170.6[u[s10.9/30.0 days. Mem 6.0 mB. #obj.=43 x64b/obj.=21170.6[u[s11.0/30.0 days. Mem 6.0 mB. #obj.=43 x64b/obj.=21170.6[u[s11.1/30.0 days. Mem 6.0 mB. #obj.=43 x64b/obj.=21170.6[u[s11.2/30.0 days. Mem 6.0 mB. #obj.=43 x64b/obj.=21170.6[u[s11.3/30.0 days. Mem 6.0 mB. #obj.=43 x64b/obj.=21170.6[u[s11.4/30.0 days. Mem 6.0 mB. #obj.=43 x64b/obj.=21170.6[u[s11.5/30.0 days. Mem 6.0 mB. #obj.=43 x64b/obj.=21170.6[u[s11.6/30.0 days. Mem 6.0 mB. #obj.=43 x64b/obj.=21170.6[u[s11.7/30.0 days. Mem 6.0 mB. #obj.=43 x64b/obj.=21170.6[u[s11.8/30.0 days. Mem 6.0 mB. #obj.=43 x64b/obj.=21170.6[u[s11.9/30.0 days. Mem 6.0 mB. #obj.=43 x64b/obj.=21170.6[u[s12.0/30.0 days. Mem 6.0 mB. #obj.=43 x64b/obj.=21170.6[u[s12.1/30.0 days. Mem 6.0 mB. #obj.=43 x64b/obj.=21170.6[u[s12.2/30.0 days. Mem 6.0 mB. #obj.=43 x64b/obj.=21170.6[u[s12.3/30.0 days. Mem 6.0 mB. #obj.=43 x64b/obj.=21170.6[u[s12.4/30.0 days. Mem 6.0 mB. #obj.=43 x64b/obj.=21170.6[u[s12.5/30.0 days. Mem 6.0 mB. #obj.=43 x64b/obj.=21170.6[u[s12.6/30.0 days. Mem 6.0 mB. #obj.=43 x64b/obj.=21170.6[u[s12.7/30.0 days. Mem 6.0 mB. #obj.=43 x64b/obj.=21170.6[u[s12.8/30.0 days. Mem 6.0 mB. #obj.=43 x64b/obj.=21170.6[u[s12.9/30.0 days. Mem 6.0 mB. #obj.=43 x64b/obj.=21170.6[u[s13.0/30.0 days. Mem 6.0 mB. #obj.=43 x64b/obj.=21170.6[u[s13.1/30.0 days. Mem 6.0 mB. #obj.=43 x64b/obj.=21170.6[u[s13.2/30.0 days. Mem 6.0 mB. #obj.=43 x64b/obj.=21170.6[u[s13.3/30.0 days. Mem 6.0 mB. #obj.=43 x64b/obj.=21170.6[u[s13.4/30.0 days. Mem 6.0 mB. #obj.=43 x64b/obj.=21170.6[u[s13.5/30.0 days. Mem 6.0 mB. #obj.=43 x64b/obj.=21170.6[u[s13.6/30.0 days. Mem 6.0 mB. #obj.=43 x64b/obj.=21170.6[u[s13.7/30.0 days. Mem 6.0 mB. #obj.=43 x64b/obj.=21170.6[u[s13.8/30.0 days. Mem 6.0 mB. #obj.=43 x64b/obj.=21170.6[u[s13.9/30.0 days. Mem 6.0 mB. #obj.=43 x64b/obj.=21170.6[u[s14.0/30.0 days. Mem 6.0 mB. #obj.=43 x64b/obj.=21170.6[u[s14.1/30.0 days. Mem 6.0 mB. #obj.=43 x64b/obj.=21170.6[u[s14.2/30.0 days. Mem 6.0 mB. #obj.=43 x64b/obj.=21170.6[u[s14.3/30.0 days. Mem 6.0 mB. #obj.=43 x64b/obj.=21170.6[u[s14.4/30.0 days. Mem 6.0 mB. #obj.=43 x64b/obj.=21170.6[u[s14.5/30.0 days. Mem 6.0 mB. #obj.=43 x64b/obj.=21170.6[u[s14.6/30.0 days. Mem 7.0 mB. #obj.=43 x64b/obj.=21480.2[u[s14.7/30.0 days. Mem 7.0 mB. #obj.=43 x64b/obj.=21480.2[u[s14.8/30.0 days. Mem 7.0 mB. #obj.=43 x64b/obj.=21480.2[u[s14.9/30.0 days. Mem 7.0 mB. #obj.=43 x64b/obj.=21480.2[u[s15.0/30.0 days. Mem 7.0 mB. #obj.=43 x64b/obj.=21480.2[u[s15.1/30.0 days. Mem 7.0 mB. #obj.=43 x64b/obj.=21480.2[u[s15.2/30.0 days. Mem 7.0 mB. #obj.=43 x64b/obj.=21480.2[u[s15.3/30.0 days. Mem 7.0 mB. #obj.=43 x64b/obj.=21480.2[u[s15.4/30.0 days. Mem 7.0 mB. #obj.=43 x64b/obj.=21480.2[u[s15.5/30.0 days. Mem 7.0 mB. #obj.=43 x64b/obj.=21480.2[u[s15.6/30.0 days. Mem 7.0 mB. #obj.=43 x64b/obj.=21480.2[u[s15.7/30.0 days. Mem 7.0 mB. #obj.=43 x64b/obj.=21480.2[u[s15.8/30.0 days. Mem 7.0 mB. #obj.=43 x64b/obj.=21480.2[u[s15.9/30.0 days. Mem 7.0 mB. #obj.=43 x64b/obj.=21480.2[u[s16.0/30.0 days. Mem 7.0 mB. #obj.=43 x64b/obj.=21480.2[u[s16.1/30.0 days. Mem 7.0 mB. #obj.=43 x64b/obj.=21480.2[u[s16.2/30.0 days. Mem 7.0 mB. #obj.=43 x64b/obj.=21480.2[u[s16.3/30.0 days. Mem 7.0 mB. #obj.=43 x64b/obj.=21480.2[u[s16.4/30.0 days. Mem 7.0 mB. #obj.=43 x64b/obj.=21480.2[u[s16.5/30.0 days. Mem 7.0 mB. #obj.=43 x64b/obj.=21480.2[u[s16.6/30.0 days. Mem 7.0 mB. #obj.=43 x64b/obj.=21480.2[u[s16.7/30.0 days. Mem 7.0 mB. #obj.=43 x64b/obj.=21480.2[u[s16.8/30.0 days. Mem 7.0 mB. #obj.=43 x64b/obj.=21480.2[u[s16.9/30.0 days. Mem 7.0 mB. #obj.=43 x64b/obj.=21480.2[u[s17.0/30.0 days. Mem 7.0 mB. #obj.=43 x64b/obj.=21480.2[u[s17.1/30.0 days. Mem 7.0 mB. #obj.=43 x64b/obj.=21480.2[u[s17.2/30.0 days. Mem 7.0 mB. #obj.=43 x64b/obj.=21480.2[u[s17.3/30.0 days. Mem 7.0 mB. #obj.=43 x64b/obj.=21480.2[u[s17.4/30.0 days. Mem 7.0 mB. #obj.=43 x64b/obj.=21480.2[u[s17.5/30.0 days. Mem 7.0 mB. #obj.=43 x64b/obj.=21480.2[u[s17.6/30.0 days. Mem 7.0 mB. #obj.=43 x64b/obj.=21480.2[u[s17.7/30.0 days. Mem 7.0 mB. #obj.=43 x64b/obj.=21480.2[u[s17.8/30.0 days. Mem 7.0 mB. #obj.=43 x64b/obj.=21480.2[u[s17.9/30.0 days. Mem 7.0 mB. #obj.=43 x64b/obj.=21480.2[u[s18.0/30.0 days. Mem 7.0 mB. #obj.=43 x64b/obj.=21480.2[u[s18.1/30.0 days. Mem 7.0 mB. #obj.=43 x64b/obj.=21480.2[u[s18.2/30.0 days. Mem 7.0 mB. #obj.=43 x64b/obj.=21480.2[u[s18.3/30.0 days. Mem 7.0 mB. #obj.=43 x64b/obj.=21480.2[u[s18.4/30.0 days. Mem 7.0 mB. #obj.=43 x64b/obj.=21480.2[u[s18.5/30.0 days. Mem 7.0 mB. #obj.=43 x64b/obj.=21480.2[u[s18.6/30.0 days. Mem 7.0 mB. #obj.=43 x64b/obj.=21480.2[u[s18.7/30.0 days. Mem 7.0 mB. #obj.=43 x64b/obj.=21480.2[u[s18.8/30.0 days. Mem 7.0 mB. #obj.=43 x64b/obj.=21480.2[u[s18.9/30.0 days. Mem 7.0 mB. #obj.=43 x64b/obj.=21480.2[u[s19.0/30.0 days. Mem 7.0 mB. #obj.=43 x64b/obj.=21480.2[u[s19.1/30.0 days. Mem 7.0 mB. #obj.=43 x64b/obj.=21480.2[u[s19.2/30.0 days. Mem 7.0 mB. #obj.=43 x64b/obj.=21480.2[u[s19.3/30.0 days. Mem 7.0 mB. #obj.=43 x64b/obj.=21480.2[u[s19.4/30.0 days. Mem 7.0 mB. #obj.=43 x64b/obj.=21480.2[u[s19.5/30.0 days. Mem 7.0 mB. #obj.=43 x64b/obj.=21480.2[u[s19.6/30.0 days. Mem 7.0 mB. #obj.=43 x64b/obj.=21480.2[u[s19.7/30.0 days. Mem 7.0 mB. #obj.=43 x64b/obj.=21480.2[u[s19.8/30.0 days. Mem 7.0 mB. #obj.=43 x64b/obj.=21480.2[u[s19.9/30.0 days. Mem 7.0 mB. #obj.=43 x64b/obj.=21480.2[u[s20.0/30.0 days. Mem 7.0 mB. #obj.=43 x64b/obj.=21480.2[u[s20.1/30.0 days. Mem 7.0 mB. #obj.=43 x64b/obj.=21670.7[u[s20.2/30.0 days. Mem 7.0 mB. #obj.=43 x64b/obj.=21670.7[u[s20.3/30.0 days. Mem 7.0 mB. #obj.=43 x64b/obj.=21670.7[u[s20.4/30.0 days. Mem 7.0 mB. #obj.=43 x64b/obj.=21670.7[u[s20.5/30.0 days. Mem 7.0 mB. #obj.=43 x64b/obj.=21670.7[u[s20.6/30.0 days. Mem 7.0 mB. #obj.=43 x64b/obj.=21670.7[u[s20.7/30.0 days. Mem 7.0 mB. #obj.=43 x64b/obj.=21670.7[u[s20.8/30.0 days. Mem 7.0 mB. #obj.=43 x64b/obj.=21670.7[u[s20.9/30.0 days. Mem 7.0 mB. #obj.=43 x64b/obj.=21670.7[u[s21.0/30.0 days. Mem 7.0 mB. #obj.=43 x64b/obj.=21670.7[u[s21.1/30.0 days. Mem 7.0 mB. #obj.=43 x64b/obj.=21670.7[u[s21.2/30.0 days. Mem 7.0 mB. #obj.=43 x64b/obj.=21670.7[u[s21.3/30.0 days. Mem 7.0 mB. #obj.=43 x64b/obj.=21670.7[u[s21.4/30.0 days. Mem 7.0 mB. #obj.=43 x64b/obj.=21670.7[u[s21.5/30.0 days. Mem 7.0 mB. #obj.=43 x64b/obj.=21670.7[u[s21.6/30.0 days. Mem 7.0 mB. #obj.=43 x64b/obj.=21670.7[u[s21.7/30.0 days. Mem 7.0 mB. #obj.=43 x64b/obj.=21670.7[u[s21.8/30.0 days. Mem 7.0 mB. #obj.=43 x64b/obj.=21670.7[u[s21.9/30.0 days. Mem 7.0 mB. #obj.=43 x64b/obj.=21670.7[u[s22.0/30.0 days. Mem 7.0 mB. #obj.=43 x64b/obj.=21670.7[u[s22.1/30.0 days. Mem 7.0 mB. #obj.=43 x64b/obj.=21670.7[u[s22.2/30.0 days. Mem 7.0 mB. #obj.=43 x64b/obj.=21670.7[u[s22.3/30.0 days. Mem 7.0 mB. #obj.=43 x64b/obj.=21670.7[u[s22.4/30.0 days. Mem 7.0 mB. #obj.=43 x64b/obj.=21670.7[u[s22.5/30.0 days. Mem 7.0 mB. #obj.=43 x64b/obj.=21670.7[u[s22.6/30.0 days. Mem 7.0 mB. #obj.=43 x64b/obj.=21670.7[u[s22.7/30.0 days. Mem 7.0 mB. #obj.=43 x64b/obj.=21670.7[u[s22.8/30.0 days. Mem 7.0 mB. #obj.=43 x64b/obj.=21670.7[u[s22.9/30.0 days. Mem 7.0 mB. #obj.=43 x64b/obj.=21670.7[u[s23.0/30.0 days. Mem 7.0 mB. #obj.=43 x64b/obj.=21670.7[u[s23.1/30.0 days. Mem 7.0 mB. #obj.=43 x64b/obj.=21670.7[u[s23.2/30.0 days. Mem 7.0 mB. #obj.=43 x64b/obj.=21670.7[u[s23.3/30.0 days. Mem 7.0 mB. #obj.=43 x64b/obj.=21670.7[u[s23.4/30.0 days. Mem 7.0 mB. #obj.=43 x64b/obj.=21670.7[u[s23.5/30.0 days. Mem 7.0 mB. #obj.=43 x64b/obj.=21670.7[u[s23.6/30.0 days. Mem 7.0 mB. #obj.=43 x64b/obj.=21789.8[u[s23.7/30.0 days. Mem 7.0 mB. #obj.=43 x64b/obj.=21789.8[u[s23.8/30.0 days. Mem 7.0 mB. #obj.=43 x64b/obj.=21789.8[u[s23.9/30.0 days. Mem 7.0 mB. #obj.=43 x64b/obj.=21789.8[u[s24.0/30.0 days. Mem 7.0 mB. #obj.=43 x64b/obj.=21789.8[u[s24.1/30.0 days. Mem 7.0 mB. #obj.=43 x64b/obj.=21789.8[u[s24.2/30.0 days. Mem 7.0 mB. #obj.=43 x64b/obj.=21789.8[u[s24.3/30.0 days. Mem 7.0 mB. #obj.=43 x64b/obj.=21789.8[u[s24.4/30.0 days. Mem 7.0 mB. #obj.=43 x64b/obj.=21789.8[u[s24.5/30.0 days. Mem 7.0 mB. #obj.=43 x64b/obj.=21789.8[u[s24.6/30.0 days. Mem 7.0 mB. #obj.=43 x64b/obj.=21789.8[u[s24.7/30.0 days. Mem 7.0 mB. #obj.=43 x64b/obj.=21789.8[u[s24.8/30.0 days. Mem 7.0 mB. #obj.=43 x64b/obj.=21789.8[u[s24.9/30.0 days. Mem 7.0 mB. #obj.=43 x64b/obj.=21789.8[u[s25.0/30.0 days. Mem 7.0 mB. #obj.=43 x64b/obj.=21789.8[u[s25.1/30.0 days. Mem 7.0 mB. #obj.=43 x64b/obj.=21789.8[u[s25.2/30.0 days. Mem 7.0 mB. #obj.=43 x64b/obj.=21789.8[u[s25.3/30.0 days. Mem 7.0 mB. #obj.=43 x64b/obj.=21789.8[u[s25.4/30.0 days. Mem 7.0 mB. #obj.=43 x64b/obj.=21789.8[u[s25.5/30.0 days. Mem 7.0 mB. #obj.=43 x64b/obj.=21789.8[u[s25.6/30.0 days. Mem 7.0 mB. #obj.=43 x64b/obj.=21861.2[u[s25.7/30.0 days. Mem 7.0 mB. #obj.=43 x64b/obj.=21861.2[u[s25.8/30.0 days. Mem 7.0 mB. #obj.=43 x64b/obj.=21861.2[u[s25.9/30.0 days. Mem 7.0 mB. #obj.=43 x64b/obj.=21861.2[u[s26.0/30.0 days. Mem 7.0 mB. #obj.=43 x64b/obj.=21861.2[u[s26.1/30.0 days. Mem 7.0 mB. #obj.=43 x64b/obj.=21861.2[u[s26.2/30.0 days. Mem 7.0 mB. #obj.=43 x64b/obj.=21861.2[u[s26.3/30.0 days. Mem 7.0 mB. #obj.=43 x64b/obj.=21861.2[u[s26.4/30.0 days. Mem 7.0 mB. #obj.=43 x64b/obj.=21861.2[u[s26.5/30.0 days. Mem 7.0 mB. #obj.=43 x64b/obj.=21861.2[u[s26.6/30.0 days. Mem 7.0 mB. #obj.=43 x64b/obj.=21896.9[u[s26.7/30.0 days. Mem 7.0 mB. #obj.=43 x64b/obj.=21896.9[u[s26.8/30.0 days. Mem 7.0 mB. #obj.=43 x64b/obj.=21896.9[u[s26.9/30.0 days. Mem 7.0 mB. #obj.=43 x64b/obj.=21896.9[u[s27.0/30.0 days. Mem 7.0 mB. #obj.=43 x64b/obj.=21896.9[u[s27.1/30.0 days. Mem 7.0 mB. #obj.=43 x64b/obj.=21896.9[u[s27.2/30.0 days. Mem 7.0 mB. #obj.=43 x64b/obj.=21920.7[u[s27.3/30.0 days. Mem 7.0 mB. #obj.=43 x64b/obj.=21920.7[u[s27.4/30.0 days. Mem 7.0 mB. #obj.=43 x64b/obj.=21920.7[u[s27.5/30.0 days. Mem 7.0 mB. #obj.=43 x64b/obj.=21920.7[u[s27.6/30.0 days. Mem 7.0 mB. #obj.=43 x64b/obj.=21932.7[u[s27.7/30.0 days. Mem 7.0 mB. #obj.=43 x64b/obj.=21932.7[u[s27.8/30.0 days. Mem 7.0 mB. #obj.=43 x64b/obj.=21932.7[u[s27.9/30.0 days. Mem 7.0 mB. #obj.=43 x64b/obj.=21932.7[u[s28.0/30.0 days. Mem 7.0 mB. #obj.=43 x64b/obj.=21932.7[u[s28.1/30.0 days. Mem 7.0 mB. #obj.=43 x64b/obj.=21932.7[u[s28.2/30.0 days. Mem 7.0 mB. #obj.=43 x64b/obj.=21944.6[u[s28.3/30.0 days. Mem 7.0 mB. #obj.=43 x64b/obj.=21944.6[u[s28.4/30.0 days. Mem 7.0 mB. #obj.=43 x64b/obj.=21944.6[u[s28.5/30.0 days. Mem 7.0 mB. #obj.=43 x64b/obj.=21944.6[u[s28.6/30.0 days. Mem 7.0 mB. #obj.=43 x64b/obj.=21944.6[u[s28.7/30.0 days. Mem 7.0 mB. #obj.=43 x64b/obj.=21956.5[u[s28.8/30.0 days. Mem 7.0 mB. #obj.=43 x64b/obj.=21956.5[u[s28.9/30.0 days. Mem 7.0 mB. #obj.=43 x64b/obj.=21956.5[u[s29.0/30.0 days. Mem 7.0 mB. #obj.=43 x64b/obj.=21956.5[u[s29.1/30.0 days. Mem 7.0 mB. #obj.=43 x64b/obj.=21956.5[u[s29.2/30.0 days. Mem 7.0 mB. #obj.=43 x64b/obj.=21956.5[u[s29.3/30.0 days. Mem 7.0 mB. #obj.=43 x64b/obj.=21968.4[u[s29.4/30.0 days. Mem 7.0 mB. #obj.=43 x64b/obj.=21968.4[u[s29.5/30.0 days. Mem 7.0 mB. #obj.=43 x64b/obj.=21968.4[u[s29.6/30.0 days. Mem 7.0 mB. #obj.=43 x64b/obj.=21968.4[u[s29.7/30.0 days. Mem 7.0 mB. #obj.=43 x64b/obj.=21968.4[u[s29.8/30.0 days. Mem 7.0 mB. #obj.=43 x64b/obj.=21980.3[u[s29.9/30.0 days. Mem 7.0 mB. #obj.=43 x64b/obj.=21980.3[u[s30.0/30.0 days. Mem 7.0 mB. #obj.=43 x64b/obj.=21980.3[u[32;47m[800C[1DOK[30;47m
Finalizing output:[32;47m[800C[1DOK[30;47m[34;47m
THE MODEL PUT OUT WARNINGS:
Depletion zone not found[800C[7D3x[30;47m
Simulation took (hours:minutes:seconds): 0:0:0[0m
[30;47mRunning OpenSimRoot build on Apr 25 2018, licensed GPLv3
Trying to load model from file: [32;47m[800C[1DOK[30;47m[30;47m
Running modules: [30;47mRunning modules: [s0.0/80.0 days. Mem 5.0 mB. #obj.=47 x64b/obj.=15272.9[u[s0.5/80.0 days. Mem 5.0 mB. #obj.=47 x64b/obj.=15272.9[u[s1.0/80.0 days. Mem 5.0 mB. #obj.=47 x64b/obj.=15272.9[u[s1.5/80.0 days. Mem 5.0 mB. #obj.=47 x64b/obj.=15272.9[u[s2.0/80.0 days. Mem 5.0 mB. #obj.=47 x64b/obj.=15272.9[u[s2.5/80.0 days. Mem 5.0 mB. #obj.=47 x64b/obj.=15272.9[u[s3.0/80.0 days. Mem 5.0 mB. #obj.=47 x64b/obj.=15272.9[u[s3.5/80.0 days. Mem 5.0 mB. #obj.=47 x64b/obj.=15272.9[u[s4.0/80.0 days. Mem 5.0 mB. #obj.=47 x64b/obj.=15272.9[u[s4.5/80.0 days. Mem 5.0 mB. #obj.=47 x64b/obj.=15272.9[u[s5.0/80.0 days. Mem 5.0 mB. #obj.=47 x64b/obj.=15272.9[u[s5.5/80.0 days. Mem 5.0 mB. #obj.=47 x64b/obj.=15272.9[u[s6.0/80.0 days. Mem 5.0 mB. #obj.=47 x64b/obj.=15272.9[u[s6.5/80.0 days. Mem 5.0 mB. #obj.=47 x64b/obj.=15272.9[u[s7.0/80.0 days. Mem 5.0 mB. #obj.=47 x64b/obj.=15272.9[u[s7.5/80.0 days. Mem 5.0 mB. #obj.=47 x64b/obj.=15272.9[u[s8.0/80.0 days. Mem 5.0 mB. #obj.=47 x64b/obj.=15272.9[u[s8.5/80.0 days. Mem 5.0 mB. #obj.=47 x64b/obj.=15272.9[u[s9.0/80.0 days. Mem 5.0 mB. #obj.=47 x64b/obj.=15272.9[u[s9.5/80.0 days. Mem 5.0 mB. #obj.=47 x64b/obj.=15272.9[u[s10.0/80.0 days. Mem 5.0 mB. #obj.=47 x64b/obj.=15272.9[u[s10.5/80.0 days. Mem 5.0 mB. #obj.=47 x64b/obj.=15272.9[u[s11.0/80.0 days. Mem 5.0 mB. #obj.=47 x64b/obj.=15272.9[u[s11.5/80.0 days. Mem 5.0 mB. #obj.=47 x64b/obj.=15272.9[u[s12.0/80.0 days. Mem 5.0 mB. #obj.=47 x64b/obj.=15272.9[u[s12.5/80.0 days. Mem 5.0 mB. #obj.=47 x64b/obj.=15272.9[u[s13.0/80.0 days. Mem 5.0 mB. #obj.=47 x64b/obj.=15272.9[u[s13.5/80.0 days. Mem 5.0 mB. #obj.=47 x64b/obj.=15272.9[u[s14.0/80.0 days. Mem 5.0 mB. #obj.=47 x64b/obj.=15272.9[u[s14.5/80.0 days. Mem 5.0 mB. #obj.=47 x64b/obj.=15272.9[u[s15.0/80.0 days. Mem 5.0 mB. #obj.=47 x64b/obj.=15272.9[u[s15.5/80.0 days. Mem 5.0 mB. #obj.=47 x64b/obj.=15272.9[u[s16.0/80.0 days. Mem 5.0 mB. #obj.=47 x64b/obj.=15272.9[u[s16.5/80.0 days. Mem 5.0 mB. #obj.=47 x64b/obj.=15272.9[u[s17.0/80.0 days. Mem 5.0 mB. #obj.=47 x64b/obj.=15272.9[u[s17.5/80.0 days. Mem 5.0 mB. #obj.=47 x64b/obj.=15272.9[u[s18.0/80.0 days. Mem 5.0 mB. #obj.=47 x64b/obj.=15272.9[u[s18.5/80.0 days. Mem 5.0 mB. #obj.=47 x64b/obj.=15272.9[u[s19.0/80.0 days. Mem 5.0 mB. #obj.=47 x64b/obj.=15272.9[u[s19.5/80.0 days. Mem 5.0 mB. #obj.=47 x64b/obj.=15272.9[u[s20.0/80.0 days. Mem 5.0 mB. #obj.=47 x64b/obj.=15272.9[u[s20.5/80.0 days. Mem 5.0 mB. #obj.=47 x64b/obj.=15272.9[u[s21.0/80.0 days. Mem 5.0 mB. #obj.=47 x64b/obj.=15272.9[u[s21.5/80.0 days. Mem 5.0 mB. #obj.=47 x64b/obj.=15272.9[u[s22.0/80.0 days. Mem 5.0 mB. #obj.=47 x64b/obj.=15272.9[u[s22.5/80.0 days. Mem 5.0 mB. #obj.=47 x64b/obj.=15272.9[u[s23.0/80.0 days. Mem 5.0 mB. #obj.=47 x64b/obj.=15272.9[u[s23.5/80.0 days. Mem 5.0 mB. #obj.=47 x64b/obj.=15272.9[u[s24.0/80.0 days. Mem 5.0 mB. #obj.=47 x64b/obj.=15272.9[u[s24.5/80.0 days. Mem 5.0 mB. #obj.=47 x64b/obj.=15272.9[u[s25.0/80.0 days. Mem 5.0 mB. #obj.=47 x64b/obj.=15272.9[u[s25.5/80.0 days. Mem 5.0 mB. #obj.=47 x64b/obj.=15272.9[u[s26.0/80.0 days. Mem 5.0 mB. #obj.=47 x64b/obj.=15272.9[u[s26.5/80.0 days. Mem 5.0 mB. #obj.=47 x64b/obj.=15272.9[u[s27.0/80.0 days. Mem 5.0 mB. #obj.=47 x64b/obj.=15272.9[u[s27.5/80.0 days. Mem 5.0 mB. #obj.=47 x64b/obj.=15272.9[u[s28.0/80.0 days. Mem 5.0 mB. #obj.=47 x64b/obj.=15272.9[u[s28.5/80.0 days. Mem 5.0 mB. #obj.=47 x64b/obj.=15272.9[u[s29.0/80.0 days. Mem 5.0 mB. #obj.=47 x64b/obj.=15272.9[u[s29.5/80.0 days. Mem 5.0 mB. #obj.=47 x64b/obj.=15272.9[u[s30.0/80.0 days. Mem 5.0 mB. #obj.=47 x64b/obj.=15272.9[u[s30.5/80.0 days. Mem 5.0 mB. #obj.=47 x64b/obj.=15272.9[u[s31.0/80.0 days. Mem 5.0 mB. #obj.=47 x64b/obj.=15272.9[u[s31.5/80.0 days. Mem 5.0 mB. #obj.=47 x64b/obj.=15272.9[u[s32.0/80.0 days. Mem 5.0 mB. #obj.=47 x64b/obj.=15272.9[u[s32.5/80.0 days. Mem 5.0 mB. #obj.=47 x64b/obj.=15272.9[u[s33.0/80.0 days. Mem 5.0 mB. #obj.=47 x64b/obj.=15272.9[u[s33.5/80.0 days. Mem 5.0 mB. #obj.=47 x64b/obj.=15272.9[u[s34.0/80.0 days. Mem 5.0 mB. #obj.=47 x64b/obj.=15272.9[u[s34.5/80.0 days. Mem 5.0 mB. #obj.=47 x64b/obj.=15272.9[u[s35.0/80.0 days. Mem 5.0 mB. #obj.=47 x64b/obj.=15272.9[u[s35.5/80.0 days. Mem 5.0 mB. #obj.=47 x64b/obj.=15272.9[u[s36.0/80.0 days. Mem 5.0 mB. #obj.=47 x64b/obj.=15272.9[u[s36.5/80.0 days. Mem 5.0 mB. #obj.=47 x64b/obj.=15272.9[u[s37.0/80.0 days. Mem 5.0 mB. #obj.=47 x64b/obj.=15272.9[u[s37.5/80.0 days. Mem 5.0 mB. #obj.=47 x64b/obj.=15272.9[u[s38.0/80.0 days. Mem 5.0 mB. #obj.=47 x64b/obj.=15272.9[u[s38.5/80.0 days. Mem 5.0 mB. #obj.=47 x64b/obj.=15272.9[u[s39.0/80.0 days. Mem 5.0 mB. #obj.=47 x64b/obj.=15272.9[u[s39.5/80.0 days. Mem 5.0 mB. #obj.=47 x64b/obj.=15272.9[u[s40.0/80.0 days. Mem 5.0 mB. #obj.=47 x64b/obj.=15272.9[u[s40.5/80.0 days. Mem 5.0 mB. #obj.=47 x64b/obj.=15272.9[u[s41.0/80.0 days. Mem 5.0 mB. #obj.=47 x64b/obj.=15272.9[u[s41.5/80.0 days. Mem 5.0 mB. #obj.=47 x64b/obj.=15272.9[u[s42.0/80.0 days. Mem 5.0 mB. #obj.=47 x64b/obj.=15272.9[u[s42.5/80.0 days. Mem 5.0 mB. #obj.=47 x64b/obj.=15272.9[u[s43.0/80.0 days. Mem 5.0 mB. #obj.=47 x64b/obj.=15272.9[u[s43.5/80.0 days. Mem 5.0 mB. #obj.=47 x64b/obj.=15272.9[u[s44.0/80.0 days. Mem 5.0 mB. #obj.=47 x64b/obj.=15272.9[u[s44.5/80.0 days. Mem 5.0 mB. #obj.=47 x64b/obj.=15272.9[u[s45.0/80.0 days. Mem 5.0 mB. #obj.=47 x64b/obj.=15272.9[u[s45.5/80.0 days. Mem 5.0 mB. #obj.=47 x64b/obj.=15272.9[u[s46.0/80.0 days. Mem 5.0 mB. #obj.=47 x64b/obj.=15272.9[u[s46.5/80.0 days. Mem 5.0 mB. #obj.=47 x64b/obj.=15272.9[u[s47.0/80.0 days. Mem 7.0 mB. #obj.=47 x64b/obj.=19564.9[u[s47.5/80.0 days. Mem 7.0 mB. #obj.=47 x64b/obj.=19564.9[u[s48.0/80.0 days. Mem 7.0 mB. #obj.=47 x64b/obj.=19564.9[u[s48.5/80.0 days. Mem 7.0 mB. #obj.=47 x64b/obj.=19564.9[u[s49.0/80.0 days. Mem 7.0 mB. #obj.=47 x64b/obj.=19564.9[u[s49.5/80.0 days. Mem 7.0 mB. #obj.=47 x64b/obj.=19564.9[u[s50.0/80.0 days. Mem 7.0 mB. #obj.=47 x64b/obj.=19564.9[u[s50.5/80.0 days. Mem 7.0 mB. #obj.=47 x64b/obj.=19564.9[u[s51.0/80.0 days. Mem 7.0 mB. #obj.=47 x64b/obj.=19564.9[u[s51.5/80.0 days. Mem 7.0 mB. #obj.=47 x64b/obj.=19564.9[u[s52.0/80.0 days. Mem 7.0 mB. #obj.=47 x64b/obj.=19564.9[u[s52.5/80.0 days. Mem 7.0 mB. #obj.=47 x64b/obj.=19564.9[u[s53.0/80.0 days. Mem 7.0 mB. #obj.=47 x64b/obj.=19564.9[u[s53.5/80.0 days. Mem 7.0 mB. #obj.=47 x64b/obj.=19564.9[u[s54.0/80.0 days. Mem 7.0 mB. #obj.=47 x64b/obj.=19597.6[u[s54.5/80.0 days. Mem 7.0 mB. #obj.=47 x64b/obj.=19597.6[u[s55.0/80.0 days. Mem 7.0 mB. #obj.=47 x64b/obj.=19597.6[u[s55.5/80.0 days. Mem 7.0 mB. #obj.=47 x64b/obj.=19597.6[u[s56.0/80.0 days. Mem 7.0 mB. #obj.=47 x64b/obj.=19597.6[u[s56.5/80.0 days. Mem 7.0 mB. #obj.=47 x64b/obj.=19597.6[u[s57.0/80.0 days. Mem 7.0 mB. #obj.=47 x64b/obj.=19597.6[u[s57.5/80.0 days. Mem 7.0 mB. #obj.=47 x64b/obj.=19597.6[u[s58.0/80.0 days. Mem 7.0 mB. #obj.=47 x64b/obj.=19597.6[u[s58.5/80.0 days. Mem 7.0 mB. #obj.=47 x64b/obj.=19597.6[u[s59.0/80.0 days. Mem 7.0 mB. #obj.=47 x64b/obj.=19597.6[u[s59.5/80.0 days. Mem 7.0 mB. #obj.=47 x64b/obj.=19597.6[u[s60.0/80.0 days. Mem 7.0 mB. #obj.=47 x64b/obj.=19597.6[u[s60.5/80.0 days. Mem 7.0 mB. #obj.=47 x64b/obj.=19597.6[u[s61.0/80.0 days. Mem 7.0 mB. #obj.=47 x64b/obj.=19597.6[u[s61.5/80.0 days. Mem 7.0 mB. #obj.=47 x64b/obj.=19597.6[u[s62.0/80.0 days. Mem 7.0 mB. #obj.=47 x64b/obj.=19597.6[u[s62.5/80.0 days. Mem 7.0 mB. #obj.=47 x64b/obj.=19597.6[u[s63.0/80.0 days. Mem 7.0 mB. #obj.=47 x64b/obj.=19597.6[u[s63.5/80.0 days. Mem 7.0 mB. #obj.=47 x64b/obj.=19597.6[u[s64.0/80.0 days. Mem 7.0 mB. #obj.=47 x64b/obj.=19597.6[u[s64.5/80.0 days. Mem 7.0 mB. #obj.=47 x64b/obj.=19597.6[u[s65.0/80.0 days. Mem 7.0 mB. #obj.=47 x64b/obj.=19597.6[u[s65.5/80.0 days. Mem 7.0 mB. #obj.=47 x64b/obj.=19597.6[u[s66.0/80.0 days. Mem 7.0 mB. #obj.=47 x64b/obj.=19597.6[u[s66.5/80.0 days. Mem 7.0 mB. #obj.=47 x64b/obj.=19597.6[u[s67.0/80.0 days. Mem 7.0 mB. #obj.=47 x64b/obj.=19597.6[u[s67.5/80.0 days. Mem 7.0 mB. #obj.=47 x64b/obj.=19597.6[u[s68.0/80.0 days. Mem 7.0 mB. #obj.=47 x64b/obj.=19597.6[u[s68.5/80.0 days. Mem 7.0 mB. #obj.=47 x64b/obj.=19597.6[u[s69.0/80.0 days. Mem 7.0 mB. #obj.=47 x64b/obj.=19597.6[u[s69.5/80.0 days. Mem 7.0 mB. #obj.=47 x64b/obj.=19597.6[u[s70.0/80.0 days. Mem 7.0 mB. #obj.=47 x64b/obj.=19597.6[u[s70.5/80.0 days. Mem 7.0 mB. #obj.=47 x64b/obj.=19597.6[u[s71.0/80.0 days. Mem 7.0 mB. #obj.=47 x64b/obj.=19597.6[u[s71.5/80.0 days. Mem 7.0 mB. #obj.=47 x64b/obj.=19597.6[u[s72.0/80.0 days. Mem 7.0 mB. #obj.=47 x64b/obj.=19597.6[u[s72.5/80.0 days. Mem 7.0 mB. #obj.=47 x64b/obj.=19597.6[u[s73.0/80.0 days. Mem 7.0 mB. #obj.=47 x64b/obj.=19597.6[u[s73.5/80.0 days. Mem 7.0 mB. #obj.=47 x64b/obj.=19597.6[u[s74.0/80.0 days. Mem 7.0 mB. #obj.=47 x64b/obj.=19597.6[u[s74.5/80.0 days. Mem 7.0 mB. #obj.=47 x64b/obj.=19597.6[u[s75.0/80.0 days. Mem 7.0 mB. #obj.=47 x64b/obj.=19597.6[u[s75.5/80.0 days. Mem 7.0 mB. #obj.=47 x64b/obj.=19597.6[u[s76.0/80.0 days. Mem 7.0 mB. #obj.=47 x64b/obj.=19597.6[u[s76.5/80.0 days. Mem 7.0 mB. #obj.=47 x64b/obj.=19597.6[u[s77.0/80.0 days. Mem 7.0 mB. #obj.=47 x64b/obj.=19597.6[u[s77.5/80.0 days. Mem 7.0 mB. #obj.=47 x64b/obj.=19597.6[u[s78.0/80.0 days. Mem 7.0 mB. #obj.=47 x64b/obj.=19597.6[u[s78.5/80.0 days. Mem 7.0 mB. #obj.=47 x64b/obj.=19597.6[u[s79.0/80.0 days. Mem 7.0 mB. #obj.=47 x64b/obj.=19597.6[u[s79.5/80.0 days. Mem 7.0 mB. #obj.=47 x64b/obj.=19597.6[u[s80.0/80.0 days. Mem 7.0 mB. #obj.=47 x64b/obj.=19597.6[u[32;47m[800C[1DOK[30;47m
Finalizing output:[32;47m[800C[1DOK[30;47m[34;47m
THE MODEL PUT OUT WARNINGS:
PhotosynthesisLintulV2: no stress impact factor found[800C[7D1x[30;47m
Simulation took (hours:minutes:seconds): 0:0:0[0m
